---
source: src/test.rs
expression: input_file_sha256
---
- 1
- 253
- 177
- 161
- 52
- 126
- 248
- 57
- 121
- 130
- 140
- 149
- 156
- 137
- 114
- 62
- 235
- 170
- 171
- 129
- 83
- 1
- 118
- 45
- 105
- 111
- 253
- 219
- 81
- 156
- 18
- 220
