---
source: src/test.rs
expression: input_file
---
"Z:\\home\\user\\Downloads\\kernel32\\kernel32.dll\u0000"
