---
source: src/test.rs
expression: database_secs_opens
---
3065924
