---
source: src/test.rs
expression: loader_name
---
- pe.llx
- Portable executable for 80386 (PE)
