---
source: src/test.rs
expression: segments
---
- address:
    start: 6442455040
    end: 6443282432
  name: 1
  class_id: 2
  orgbase: 0
  flags: 16
  align: RelPara
  comb: Pub
  perm: 5
  bitness: S64Bits
  seg_type: Code
  selector: 1
  defsr:
    - 1
    - 1
    - 1
    - 4
    - 0
    - 0
    - 1
    - 1
    - 1
    - 1
    - 1
    - 1
    - 1
    - 1
    - 1
    - 1
  color: 0
- address:
    start: 6443282432
    end: 6443283392
  name: 7
  class_id: 4
  orgbase: 0
  flags: 16
  align: RelPara
  comb: Pub
  perm: 4
  bitness: S64Bits
  seg_type: Xtrn
  selector: 5
  defsr:
    - 1
    - 1
    - 1
    - 4
    - 0
    - 0
    - 1
    - 1
    - 1
    - 1
    - 1
    - 1
    - 1
    - 1
    - 1
    - 1
  color: 0
- address:
    start: 6443283392
    end: 6443724800
  name: 3
  class_id: 4
  orgbase: 0
  flags: 16
  align: RelPara
  comb: Pub
  perm: 4
  bitness: S64Bits
  seg_type: Data
  selector: 2
  defsr:
    - 1
    - 1
    - 1
    - 4
    - 0
    - 0
    - 1
    - 1
    - 1
    - 1
    - 1
    - 1
    - 1
    - 1
    - 1
    - 1
  color: 0
- address:
    start: 6443724800
    end: 6444154880
  name: 5
  class_id: 4
  orgbase: 0
  flags: 16
  align: RelPara
  comb: Pub
  perm: 6
  bitness: S64Bits
  seg_type: Data
  selector: 3
  defsr:
    - 1
    - 1
    - 1
    - 4
    - 0
    - 0
    - 1
    - 1
    - 1
    - 1
    - 1
    - 1
    - 1
    - 1
    - 1
    - 1
  color: 0
- address:
    start: 6444154880
    end: 6444195840
  name: 6
  class_id: 4
  orgbase: 0
  flags: 16
  align: RelPara
  comb: Pub
  perm: 4
  bitness: S64Bits
  seg_type: Data
  selector: 4
  defsr:
    - 1
    - 1
    - 1
    - 4
    - 0
    - 0
    - 1
    - 1
    - 1
    - 1
    - 1
    - 1
    - 1
    - 1
    - 1
    - 1
  color: 0
