---
source: src/test.rs
expression: nam
---
names:
  - 4399680
  - 4399687
  - 4662656
  - 5150064
