---
source: src/test.rs
expression: database_creation_version
---
"6.7\u0000"
