---
hash: 6C2F4C3C92B89CDB
source: src/test.rs
expression: database_creation_time
---
1744801011