---
source: src/test.rs
expression: input_file_size
---
9728
