---
hash: 54D814D1B6F4A744
source: src/test.rs
expression: ida_info
---
(
 version: 700,
 target: (
  processor: [
   109,
   101,
   116,
   97,
   112,
   99,
  ],
  assembler: 0,
 ),
 genflags: (35),
 lflags: (2563),
 database_change_count: 11,
 input: (
  file_format: Raw,
  operating_system: 0,
  application_type: 0,
 ),
 special_segment_entry_size: 0,
 af: (1610612727, 3),
 addresses: (
  loading_base: 0,
  initial_ss: 4294967295,
  initial_cs: 0,
  initial_ip: 4294967295,
  initial_ea: (4294967295),
  initial_sp: 4294967295,
  main_ea: (4294967295),
  min_ea: (0),
  max_ea: (8192),
  original_min_ea: (0),
  original_max_ea: (1),
  privrange: (
   start: (4278190080),
   end: (4286578688),
  ),
  netdelta: 0,
 ),
 suspiciousness_limits: (
  low: Some((32)),
  high: Some((8192)),
 ),
 xrefs: (
  max_depth: 16,
  max_displayed_xrefs: 2,
  max_displayed_type_xrefs: 2,
  max_displayed_strlit_xrefs: 1,
  xrefflag: (15),
 ),
 names: (
  max_autogenerated_name_length: 15,
  dummy_names: Ea,
 ),
 demangler: (
  short_form: 245612135,
  long_form: 104857607,
  name: (0),
 ),
 listname: (7),
 indent: 16,
 cmt_ident: 40,
 margin: 70,
 listing: (
  xref_margin: 80,
 ),
 outflag: (1908),
 cmtflg: (9),
 limiter: (3),
 bin_prefix_size: 0,
 prefflag: (1),
 strlits: (
  flags: (19),
  break_: 10,
  leading_zeroes: 0,
  name_prefix: [
   97,
  ],
  serial_number: 0,
 ),
 strtype: 0,
 data_carousel: 7,
 compiler: (
  is_guessed: false,
  compiler: Unknown,
  sizeof: (
   cm: 19,
   int: 4,
   bool: 4,
   enum_: 4,
   short: 2,
   long: 4,
   longlong: 8,
   long_double: 0,
  ),
  alignment: 0,
 ),
 abibits: (0),
 appcall_options: 0,
)