---
hash: 1362E04E3615E2FD
source: src/test.rs
expression: nam
---
Some((
 names: [
  (0),
  (672),
  (848),
  (1384),
  (2212),
  (3236),
  (5732),
  (6900),
  (8024),
  (8296),
  (8452),
  (8700),
  (9008),
  (9440),
  (9976),
  (10980),
  (11128),
  (11172),
  (15196),
  (15280),
  (15320),
  (15828),
  (15904),
  (15952),
  (16072),
  (16112),
  (16168),
  (16264),
  (16424),
  (16664),
  (16784),
  (16840),
  (17456),
  (17504),
  (17632),
  (17712),
  (17856),
  (17936),
  (18048),
  (18112),
  (18160),
  (18224),
  (18304),
  (18336),
  (18408),
  (18432),
  (18456),
  (18496),
  (18592),
  (18616),
  (18640),
  (18672),
  (18768),
  (18864),
  (18920),
  (18944),
  (19032),
  (19088),
  (19136),
  (19208),
  (19232),
  (19264),
  (19272),
  (19288),
  (19320),
  (19368),
  (19392),
  (19400),
  (19408),
  (19416),
  (19440),
  (19448),
  (19456),
  (19464),
  (19480),
  (19512),
  (19536),
  (19584),
  (19664),
  (19744),
  (19808),
  (19888),
  (19944),
  (19968),
  (20024),
  (20064),
  (20128),
  (20160),
  (20192),
  (20256),
  (20280),
  (20312),
  (20376),
  (20440),
  (20480),
  (20520),
  (20560),
  (20624),
  (20656),
  (20720),
  (20736),
  (20824),
  (20888),
  (20896),
  (20912),
  (20936),
  (20952),
  (20984),
  (21016),
  (21032),
  (21072),
  (21136),
  (21184),
  (21264),
  (21336),
  (21376),
  (21456),
  (21600),
  (21736),
  (21752),
  (21768),
  (21824),
  (21840),
  (21868),
  (21888),
  (22096),
  (22832),
  (22936),
  (23008),
  (23552),
  (23568),
  (23584),
  (23600),
  (23616),
  (23632),
  (23648),
  (23664),
  (23680),
  (23696),
  (23712),
  (23728),
  (23744),
  (23760),
  (75048),
  (75056),
  (75064),
  (75072),
  (75080),
  (75192),
  (75200),
 ],
))