---
hash: 27A838310E220E10
source: src/test.rs
expression: database_secs_opens
---
33