---
hash: 26C3C58040959AD8
source: src/test.rs
expression: database_creation_time
---
1547202808