---
source: src/test.rs
expression: input_file_sha256
---
- 176
- 61
- 10
- 167
- 163
- 23
- 56
- 182
- 138
- 10
- 231
- 216
- 21
- 57
- 47
- 42
- 217
- 141
- 233
- 78
- 35
- 204
- 124
- 235
- 135
- 32
- 99
- 99
- 186
- 239
- 176
- 185
