---
source: src/test.rs
expression: input_file
---
"C:\\Temp\\idbs\\y0da\\EXE\\y0da-new.exe\u0000"
