---
hash: 6C83A5B697DDB47C
source: src/test.rs
expression: loader_name
---
Some([
 "elf.so",
 "ELF64 for x86-64 (Shared object)",
])