---
source: src/test.rs
expression: database_creation_time
---
1699422088
