---
hash: 2B3A54060EB22887
source: src/test.rs
expression: database_initial_version
---
650