---
hash: AC326BCA0448A3C9
source: src/test.rs
expression: database_creation_version
---
Some("7.5\0")