---
hash: B413F4C184473A2C
source: src/test.rs
expression: input_file_md5
---
Some((0, 191, 27, 241, 183, 121, 206, 26, 244, 19, 113, 66, 104, 33, 224, 194))