---
hash: 7DBD23DC73EDD114
source: src/test.rs
expression: input_file_size
---
Some(1851)