---
hash: BA6974A5C5978D41
source: src/test.rs
expression: database_creation_time
---
1497997894