---
hash: E84A90EB93B2B2E8
source: src/test.rs
expression: database_creation_version
---
Some("8.4\0")