---
hash: 1273430969C540EC
source: src/test.rs
expression: database_secs_opens
---
625