---
source: src/test.rs
expression: input_file_sha256
---
- 93
- 119
- 227
- 111
- 234
- 169
- 137
- 150
- 13
- 248
- 250
- 45
- 45
- 86
- 41
- 208
- 214
- 115
- 84
- 251
- 86
- 198
- 180
- 225
- 117
- 184
- 8
- 161
- 5
- 193
- 171
- 74
