---
hash: AB4DA78B7EF14C1D
source: src/test.rs
expression: input_file
---
"C:\\Users\\i\\Source\\imbillow\\python-idb\\tests\\data\\v7.2\\x32\\kernel32.dll\0"