---
hash: B31062E24A642CC1
source: src/test.rs
expression: database_creation_version
---
Some("7.1\0")