---
hash: E0F0EFE0599F818D
source: src/test.rs
expression: database_creation_time
---
1596042683