---
hash: 07CCCF4F63A501AD
source: src/test.rs
expression: til
---
Some((
 header: (
  format: 18,
  description: "Local type definitions",
  flags: (18),
  dependencies: [
   "gnulnx_x64",
  ],
  compiler_id: Unknown,
  compiler_guessed: false,
  cc: None,
  cn: Some(N32F48),
  cm: Some(NN),
  def_align: None,
  type_ordinal_alias: None,
  size_int: 4,
  size_bool: 1,
  size_enum: Some(4),
  extended_sizeof_info: None,
  size_long_double: None,
  is_universal: false,
 ),
 symbols: [],
 types: [
  (
   name: "Elf64_Sym",
   ordinal: 1,
   tinfo: (
    comment: None,
    is_const: false,
    is_volatile: false,
    type_variant: Struct((
     effective_alignment: None,
     members: [
      (
       name: Some("st_name"),
       comment: None,
       member_type: (
        comment: None,
        is_const: false,
        is_volatile: false,
        type_variant: Basic(IntSized(
         bytes: 4,
         is_signed: Some(false),
        )),
       ),
       att: None,
       alignment: None,
       is_baseclass: false,
       is_unaligned: false,
       is_vft: false,
       is_method: false,
       is_unknown_8: false,
      ),
      (
       name: Some("st_info"),
       comment: None,
       member_type: (
        comment: None,
        is_const: false,
        is_volatile: false,
        type_variant: Basic(IntSized(
         bytes: 1,
         is_signed: Some(false),
        )),
       ),
       att: None,
       alignment: None,
       is_baseclass: false,
       is_unaligned: false,
       is_vft: false,
       is_method: false,
       is_unknown_8: false,
      ),
      (
       name: Some("st_other"),
       comment: None,
       member_type: (
        comment: None,
        is_const: false,
        is_volatile: false,
        type_variant: Basic(IntSized(
         bytes: 1,
         is_signed: Some(false),
        )),
       ),
       att: None,
       alignment: None,
       is_baseclass: false,
       is_unaligned: false,
       is_vft: false,
       is_method: false,
       is_unknown_8: false,
      ),
      (
       name: Some("st_shndx"),
       comment: None,
       member_type: (
        comment: None,
        is_const: false,
        is_volatile: false,
        type_variant: Basic(IntSized(
         bytes: 2,
         is_signed: Some(false),
        )),
       ),
       att: None,
       alignment: None,
       is_baseclass: false,
       is_unaligned: false,
       is_vft: false,
       is_method: false,
       is_unknown_8: false,
      ),
      (
       name: Some("st_value"),
       comment: None,
       member_type: (
        comment: None,
        is_const: false,
        is_volatile: false,
        type_variant: Basic(IntSized(
         bytes: 8,
         is_signed: Some(false),
        )),
       ),
       att: None,
       alignment: None,
       is_baseclass: false,
       is_unaligned: false,
       is_vft: false,
       is_method: false,
       is_unknown_8: false,
      ),
      (
       name: Some("st_size"),
       comment: None,
       member_type: (
        comment: None,
        is_const: false,
        is_volatile: false,
        type_variant: Basic(IntSized(
         bytes: 8,
         is_signed: Some(false),
        )),
       ),
       att: None,
       alignment: None,
       is_baseclass: false,
       is_unaligned: false,
       is_vft: false,
       is_method: false,
       is_unknown_8: false,
      ),
     ],
     extra_padding: None,
     is_unaligned: false,
     is_msstruct: false,
     is_cppobj: false,
     is_vft: false,
     is_fixed: false,
     is_uknown_8: false,
     alignment: Some(8),
    )),
   ),
   sclass: None,
  ),
  (
   name: "Elf64_Rela",
   ordinal: 2,
   tinfo: (
    comment: None,
    is_const: false,
    is_volatile: false,
    type_variant: Struct((
     effective_alignment: None,
     members: [
      (
       name: Some("r_offset"),
       comment: None,
       member_type: (
        comment: None,
        is_const: false,
        is_volatile: false,
        type_variant: Basic(IntSized(
         bytes: 8,
         is_signed: Some(false),
        )),
       ),
       att: None,
       alignment: None,
       is_baseclass: false,
       is_unaligned: false,
       is_vft: false,
       is_method: false,
       is_unknown_8: false,
      ),
      (
       name: Some("r_info"),
       comment: None,
       member_type: (
        comment: None,
        is_const: false,
        is_volatile: false,
        type_variant: Basic(IntSized(
         bytes: 8,
         is_signed: Some(false),
        )),
       ),
       att: None,
       alignment: None,
       is_baseclass: false,
       is_unaligned: false,
       is_vft: false,
       is_method: false,
       is_unknown_8: false,
      ),
      (
       name: Some("r_addend"),
       comment: None,
       member_type: (
        comment: None,
        is_const: false,
        is_volatile: false,
        type_variant: Basic(IntSized(
         bytes: 8,
         is_signed: None,
        )),
       ),
       att: None,
       alignment: None,
       is_baseclass: false,
       is_unaligned: false,
       is_vft: false,
       is_method: false,
       is_unknown_8: false,
      ),
     ],
     extra_padding: None,
     is_unaligned: false,
     is_msstruct: false,
     is_cppobj: false,
     is_vft: false,
     is_fixed: false,
     is_uknown_8: false,
     alignment: None,
    )),
   ),
   sclass: None,
  ),
  (
   name: "Elf64_Dyn",
   ordinal: 3,
   tinfo: (
    comment: None,
    is_const: false,
    is_volatile: false,
    type_variant: Struct((
     effective_alignment: None,
     members: [
      (
       name: Some("d_tag"),
       comment: None,
       member_type: (
        comment: None,
        is_const: false,
        is_volatile: false,
        type_variant: Basic(IntSized(
         bytes: 8,
         is_signed: Some(false),
        )),
       ),
       att: None,
       alignment: None,
       is_baseclass: false,
       is_unaligned: false,
       is_vft: false,
       is_method: false,
       is_unknown_8: false,
      ),
      (
       name: Some("d_un"),
       comment: None,
       member_type: (
        comment: None,
        is_const: false,
        is_volatile: false,
        type_variant: Basic(IntSized(
         bytes: 8,
         is_signed: Some(false),
        )),
       ),
       att: None,
       alignment: None,
       is_baseclass: false,
       is_unaligned: false,
       is_vft: false,
       is_method: false,
       is_unknown_8: false,
      ),
     ],
     extra_padding: None,
     is_unaligned: false,
     is_msstruct: false,
     is_cppobj: false,
     is_vft: false,
     is_fixed: false,
     is_uknown_8: false,
     alignment: None,
    )),
   ),
   sclass: None,
  ),
  (
   name: "option",
   ordinal: 4,
   tinfo: (
    comment: None,
    is_const: false,
    is_volatile: false,
    type_variant: Struct((
     effective_alignment: None,
     members: [
      (
       name: Some("name"),
       comment: None,
       member_type: (
        comment: None,
        is_const: false,
        is_volatile: false,
        type_variant: Pointer((
         closure: Default,
         modifier: None,
         shifted: None,
         typ: (
          comment: None,
          is_const: true,
          is_volatile: false,
          type_variant: Basic(Char),
         ),
        )),
       ),
       att: None,
       alignment: None,
       is_baseclass: false,
       is_unaligned: false,
       is_vft: false,
       is_method: false,
       is_unknown_8: false,
      ),
      (
       name: Some("has_arg"),
       comment: None,
       member_type: (
        comment: None,
        is_const: false,
        is_volatile: false,
        type_variant: Basic(Int(
         is_signed: None,
        )),
       ),
       att: None,
       alignment: None,
       is_baseclass: false,
       is_unaligned: false,
       is_vft: false,
       is_method: false,
       is_unknown_8: false,
      ),
      (
       name: Some("flag"),
       comment: None,
       member_type: (
        comment: None,
        is_const: false,
        is_volatile: false,
        type_variant: Pointer((
         closure: Default,
         modifier: None,
         shifted: None,
         typ: (
          comment: None,
          is_const: false,
          is_volatile: false,
          type_variant: Basic(Int(
           is_signed: None,
          )),
         ),
        )),
       ),
       att: None,
       alignment: None,
       is_baseclass: false,
       is_unaligned: false,
       is_vft: false,
       is_method: false,
       is_unknown_8: false,
      ),
      (
       name: Some("val"),
       comment: None,
       member_type: (
        comment: None,
        is_const: false,
        is_volatile: false,
        type_variant: Basic(Int(
         is_signed: None,
        )),
       ),
       att: None,
       alignment: None,
       is_baseclass: false,
       is_unaligned: false,
       is_vft: false,
       is_method: false,
       is_unknown_8: false,
      ),
     ],
     extra_padding: None,
     is_unaligned: false,
     is_msstruct: false,
     is_cppobj: false,
     is_vft: false,
     is_fixed: false,
     is_uknown_8: false,
     alignment: None,
    )),
   ),
   sclass: None,
  ),
  (
   name: "__dev_t",
   ordinal: 6,
   tinfo: (
    comment: None,
    is_const: false,
    is_volatile: false,
    type_variant: Basic(IntSized(
     bytes: 8,
     is_signed: Some(false),
    )),
   ),
   sclass: None,
  ),
  (
   name: "__ino_t",
   ordinal: 7,
   tinfo: (
    comment: None,
    is_const: false,
    is_volatile: false,
    type_variant: Basic(IntSized(
     bytes: 8,
     is_signed: Some(false),
    )),
   ),
   sclass: None,
  ),
  (
   name: "__nlink_t",
   ordinal: 8,
   tinfo: (
    comment: None,
    is_const: false,
    is_volatile: false,
    type_variant: Basic(IntSized(
     bytes: 8,
     is_signed: Some(false),
    )),
   ),
   sclass: None,
  ),
  (
   name: "__mode_t",
   ordinal: 9,
   tinfo: (
    comment: None,
    is_const: false,
    is_volatile: false,
    type_variant: Basic(Int(
     is_signed: Some(false),
    )),
   ),
   sclass: None,
  ),
  (
   name: "__uid_t",
   ordinal: 10,
   tinfo: (
    comment: None,
    is_const: false,
    is_volatile: false,
    type_variant: Basic(Int(
     is_signed: Some(false),
    )),
   ),
   sclass: None,
  ),
  (
   name: "__gid_t",
   ordinal: 11,
   tinfo: (
    comment: None,
    is_const: false,
    is_volatile: false,
    type_variant: Basic(Int(
     is_signed: Some(false),
    )),
   ),
   sclass: None,
  ),
  (
   name: "__off_t",
   ordinal: 12,
   tinfo: (
    comment: None,
    is_const: false,
    is_volatile: false,
    type_variant: Basic(IntSized(
     bytes: 8,
     is_signed: None,
    )),
   ),
   sclass: None,
  ),
  (
   name: "__blksize_t",
   ordinal: 13,
   tinfo: (
    comment: None,
    is_const: false,
    is_volatile: false,
    type_variant: Basic(IntSized(
     bytes: 8,
     is_signed: None,
    )),
   ),
   sclass: None,
  ),
  (
   name: "__blkcnt_t",
   ordinal: 14,
   tinfo: (
    comment: None,
    is_const: false,
    is_volatile: false,
    type_variant: Basic(IntSized(
     bytes: 8,
     is_signed: None,
    )),
   ),
   sclass: None,
  ),
  (
   name: "__time_t",
   ordinal: 16,
   tinfo: (
    comment: None,
    is_const: false,
    is_volatile: false,
    type_variant: Basic(IntSized(
     bytes: 8,
     is_signed: None,
    )),
   ),
   sclass: None,
  ),
  (
   name: "__syscall_slong_t",
   ordinal: 17,
   tinfo: (
    comment: None,
    is_const: false,
    is_volatile: false,
    type_variant: Basic(IntSized(
     bytes: 8,
     is_signed: None,
    )),
   ),
   sclass: None,
  ),
  (
   name: "timespec",
   ordinal: 15,
   tinfo: (
    comment: None,
    is_const: false,
    is_volatile: false,
    type_variant: Struct((
     effective_alignment: None,
     members: [
      (
       name: Some("tv_sec"),
       comment: None,
       member_type: (
        comment: None,
        is_const: false,
        is_volatile: false,
        type_variant: Typeref((
         ref_type: None,
         typeref_value: Ref(13),
        )),
       ),
       att: None,
       alignment: None,
       is_baseclass: false,
       is_unaligned: false,
       is_vft: false,
       is_method: false,
       is_unknown_8: false,
      ),
      (
       name: Some("tv_nsec"),
       comment: None,
       member_type: (
        comment: None,
        is_const: false,
        is_volatile: false,
        type_variant: Typeref((
         ref_type: None,
         typeref_value: Ref(14),
        )),
       ),
       att: None,
       alignment: None,
       is_baseclass: false,
       is_unaligned: false,
       is_vft: false,
       is_method: false,
       is_unknown_8: false,
      ),
     ],
     extra_padding: None,
     is_unaligned: false,
     is_msstruct: false,
     is_cppobj: false,
     is_vft: false,
     is_fixed: false,
     is_uknown_8: false,
     alignment: None,
    )),
   ),
   sclass: None,
  ),
  (
   name: "stat",
   ordinal: 5,
   tinfo: (
    comment: None,
    is_const: false,
    is_volatile: false,
    type_variant: Struct((
     effective_alignment: None,
     members: [
      (
       name: Some("st_dev"),
       comment: None,
       member_type: (
        comment: None,
        is_const: false,
        is_volatile: false,
        type_variant: Typeref((
         ref_type: None,
         typeref_value: Ref(4),
        )),
       ),
       att: None,
       alignment: None,
       is_baseclass: false,
       is_unaligned: false,
       is_vft: false,
       is_method: false,
       is_unknown_8: false,
      ),
      (
       name: Some("st_ino"),
       comment: None,
       member_type: (
        comment: None,
        is_const: false,
        is_volatile: false,
        type_variant: Typeref((
         ref_type: None,
         typeref_value: Ref(5),
        )),
       ),
       att: None,
       alignment: None,
       is_baseclass: false,
       is_unaligned: false,
       is_vft: false,
       is_method: false,
       is_unknown_8: false,
      ),
      (
       name: Some("st_nlink"),
       comment: None,
       member_type: (
        comment: None,
        is_const: false,
        is_volatile: false,
        type_variant: Typeref((
         ref_type: None,
         typeref_value: Ref(6),
        )),
       ),
       att: None,
       alignment: None,
       is_baseclass: false,
       is_unaligned: false,
       is_vft: false,
       is_method: false,
       is_unknown_8: false,
      ),
      (
       name: Some("st_mode"),
       comment: None,
       member_type: (
        comment: None,
        is_const: false,
        is_volatile: false,
        type_variant: Typeref((
         ref_type: None,
         typeref_value: Ref(7),
        )),
       ),
       att: None,
       alignment: None,
       is_baseclass: false,
       is_unaligned: false,
       is_vft: false,
       is_method: false,
       is_unknown_8: false,
      ),
      (
       name: Some("st_uid"),
       comment: None,
       member_type: (
        comment: None,
        is_const: false,
        is_volatile: false,
        type_variant: Typeref((
         ref_type: None,
         typeref_value: Ref(8),
        )),
       ),
       att: None,
       alignment: None,
       is_baseclass: false,
       is_unaligned: false,
       is_vft: false,
       is_method: false,
       is_unknown_8: false,
      ),
      (
       name: Some("st_gid"),
       comment: None,
       member_type: (
        comment: None,
        is_const: false,
        is_volatile: false,
        type_variant: Typeref((
         ref_type: None,
         typeref_value: Ref(9),
        )),
       ),
       att: None,
       alignment: None,
       is_baseclass: false,
       is_unaligned: false,
       is_vft: false,
       is_method: false,
       is_unknown_8: false,
      ),
      (
       name: Some("__pad0"),
       comment: None,
       member_type: (
        comment: None,
        is_const: false,
        is_volatile: false,
        type_variant: Basic(Int(
         is_signed: None,
        )),
       ),
       att: None,
       alignment: None,
       is_baseclass: false,
       is_unaligned: false,
       is_vft: false,
       is_method: false,
       is_unknown_8: false,
      ),
      (
       name: Some("st_rdev"),
       comment: None,
       member_type: (
        comment: None,
        is_const: false,
        is_volatile: false,
        type_variant: Typeref((
         ref_type: None,
         typeref_value: Ref(4),
        )),
       ),
       att: None,
       alignment: None,
       is_baseclass: false,
       is_unaligned: false,
       is_vft: false,
       is_method: false,
       is_unknown_8: false,
      ),
      (
       name: Some("st_size"),
       comment: None,
       member_type: (
        comment: None,
        is_const: false,
        is_volatile: false,
        type_variant: Typeref((
         ref_type: None,
         typeref_value: Ref(10),
        )),
       ),
       att: None,
       alignment: None,
       is_baseclass: false,
       is_unaligned: false,
       is_vft: false,
       is_method: false,
       is_unknown_8: false,
      ),
      (
       name: Some("st_blksize"),
       comment: None,
       member_type: (
        comment: None,
        is_const: false,
        is_volatile: false,
        type_variant: Typeref((
         ref_type: None,
         typeref_value: Ref(11),
        )),
       ),
       att: None,
       alignment: None,
       is_baseclass: false,
       is_unaligned: false,
       is_vft: false,
       is_method: false,
       is_unknown_8: false,
      ),
      (
       name: Some("st_blocks"),
       comment: None,
       member_type: (
        comment: None,
        is_const: false,
        is_volatile: false,
        type_variant: Typeref((
         ref_type: None,
         typeref_value: Ref(12),
        )),
       ),
       att: None,
       alignment: None,
       is_baseclass: false,
       is_unaligned: false,
       is_vft: false,
       is_method: false,
       is_unknown_8: false,
      ),
      (
       name: Some("st_atim"),
       comment: None,
       member_type: (
        comment: None,
        is_const: false,
        is_volatile: false,
        type_variant: Typeref((
         ref_type: None,
         typeref_value: Ref(15),
        )),
       ),
       att: None,
       alignment: None,
       is_baseclass: false,
       is_unaligned: false,
       is_vft: false,
       is_method: false,
       is_unknown_8: false,
      ),
      (
       name: Some("st_mtim"),
       comment: None,
       member_type: (
        comment: None,
        is_const: false,
        is_volatile: false,
        type_variant: Typeref((
         ref_type: None,
         typeref_value: Ref(15),
        )),
       ),
       att: None,
       alignment: None,
       is_baseclass: false,
       is_unaligned: false,
       is_vft: false,
       is_method: false,
       is_unknown_8: false,
      ),
      (
       name: Some("st_ctim"),
       comment: None,
       member_type: (
        comment: None,
        is_const: false,
        is_volatile: false,
        type_variant: Typeref((
         ref_type: None,
         typeref_value: Ref(15),
        )),
       ),
       att: None,
       alignment: None,
       is_baseclass: false,
       is_unaligned: false,
       is_vft: false,
       is_method: false,
       is_unknown_8: false,
      ),
      (
       name: Some("__unused"),
       comment: None,
       member_type: (
        comment: None,
        is_const: false,
        is_volatile: false,
        type_variant: Array((
         alignment: None,
         base: 0,
         nelem: Some(3),
         elem_type: (
          comment: None,
          is_const: false,
          is_volatile: false,
          type_variant: Typeref((
           ref_type: None,
           typeref_value: Ref(14),
          )),
         ),
        )),
       ),
       att: None,
       alignment: None,
       is_baseclass: false,
       is_unaligned: false,
       is_vft: false,
       is_method: false,
       is_unknown_8: false,
      ),
     ],
     extra_padding: None,
     is_unaligned: false,
     is_msstruct: false,
     is_cppobj: false,
     is_vft: false,
     is_fixed: false,
     is_uknown_8: false,
     alignment: None,
    )),
   ),
   sclass: None,
  ),
  (
   name: "$E9F5FE92D7DB981290475B0A784F5155::$BADCA52C29225A708D9C0115E5B974AC",
   ordinal: 21,
   tinfo: (
    comment: None,
    is_const: false,
    is_volatile: false,
    type_variant: Union((
     effective_alignment: None,
     alignment: None,
     members: [
      (
       name: Some("__wch"),
       comment: None,
       ty: (
        comment: None,
        is_const: false,
        is_volatile: false,
        type_variant: Basic(Int(
         is_signed: Some(false),
        )),
       ),
      ),
      (
       name: Some("__wchb"),
       comment: None,
       ty: (
        comment: None,
        is_const: false,
        is_volatile: false,
        type_variant: Array((
         alignment: None,
         base: 0,
         nelem: Some(4),
         elem_type: (
          comment: None,
          is_const: false,
          is_volatile: false,
          type_variant: Basic(Char),
         ),
        )),
       ),
      ),
     ],
     is_unaligned: false,
     is_unknown_8: false,
    )),
   ),
   sclass: None,
  ),
  (
   name: "$E9F5FE92D7DB981290475B0A784F5155",
   ordinal: 20,
   tinfo: (
    comment: None,
    is_const: false,
    is_volatile: false,
    type_variant: Struct((
     effective_alignment: None,
     members: [
      (
       name: Some("__count"),
       comment: None,
       member_type: (
        comment: None,
        is_const: false,
        is_volatile: false,
        type_variant: Basic(Int(
         is_signed: None,
        )),
       ),
       att: None,
       alignment: None,
       is_baseclass: false,
       is_unaligned: false,
       is_vft: false,
       is_method: false,
       is_unknown_8: false,
      ),
      (
       name: Some("__value"),
       comment: None,
       member_type: (
        comment: None,
        is_const: false,
        is_volatile: false,
        type_variant: Typeref((
         ref_type: None,
         typeref_value: Ref(17),
        )),
       ),
       att: None,
       alignment: None,
       is_baseclass: false,
       is_unaligned: false,
       is_vft: false,
       is_method: false,
       is_unknown_8: false,
      ),
     ],
     extra_padding: None,
     is_unaligned: false,
     is_msstruct: false,
     is_cppobj: false,
     is_vft: false,
     is_fixed: false,
     is_uknown_8: false,
     alignment: None,
    )),
   ),
   sclass: None,
  ),
  (
   name: "__mbstate_t",
   ordinal: 19,
   tinfo: (
    comment: None,
    is_const: false,
    is_volatile: false,
    type_variant: Typeref((
     ref_type: None,
     typeref_value: Ref(18),
    )),
   ),
   sclass: None,
  ),
  (
   name: "mbstate_t",
   ordinal: 18,
   tinfo: (
    comment: None,
    is_const: false,
    is_volatile: false,
    type_variant: Typeref((
     ref_type: None,
     typeref_value: Ref(19),
    )),
   ),
   sclass: None,
  ),
 ],
 macros: Some([]),
))